Archive member included to satisfy reference by file (symbol)

/usr/lib/gcc/avr/5.4.0/avr5/libgcc.a(_udivmodsi4.o)
                              ./usart/usart.o (__udivmodsi4)
/usr/lib/gcc/avr/5.4.0/avr5/libgcc.a(_exit.o)
                              /usr/lib/gcc/avr/5.4.0/../../../avr/lib/avr5/crtatmega328p.o (exit)
/usr/lib/gcc/avr/5.4.0/avr5/libgcc.a(_tablejump2.o)
                              ./main.o (__tablejump2__)
/usr/lib/gcc/avr/5.4.0/avr5/libgcc.a(_copy_data.o)
                              ./main.o (__do_copy_data)
/usr/lib/gcc/avr/5.4.0/avr5/libgcc.a(_clear_bss.o)
                              ./usart/usart.o (__do_clear_bss)

Allocating common symbols
Common symbol       size              file

password            0x3               ./main.o
button              0x1               ./main.o
_cols               0x4               ./keypad/keypad.o
Rx_Buffer           0x40              ./usart/usart.o
button_en           0x1               ./main.o
_rows               0x4               ./keypad/keypad.o

Memory Configuration

Name             Origin             Length             Attributes
text             0x0000000000000000 0x0000000000008000 xr
data             0x0000000000800100 0x0000000000000800 rw !x
eeprom           0x0000000000810000 0x0000000000000400 rw !x
fuse             0x0000000000820000 0x0000000000000003 rw !x
lock             0x0000000000830000 0x0000000000000400 rw !x
signature        0x0000000000840000 0x0000000000000400 rw !x
user_signatures  0x0000000000850000 0x0000000000000400 rw !x
*default*        0x0000000000000000 0xffffffffffffffff

Linker script and memory map

Address of section .data set to 0x800100
LOAD /usr/lib/gcc/avr/5.4.0/../../../avr/lib/avr5/crtatmega328p.o
LOAD ./usart/usart.o
LOAD ./timer0/timer0.o
LOAD ./pin/pin.o
LOAD ./keypad/keypad.o
LOAD ./main.o
START GROUP
LOAD /usr/lib/gcc/avr/5.4.0/avr5/libgcc.a
LOAD /usr/lib/gcc/avr/5.4.0/../../../avr/lib/avr5/libm.a
LOAD /usr/lib/gcc/avr/5.4.0/../../../avr/lib/avr5/libc.a
LOAD /usr/lib/gcc/avr/5.4.0/../../../avr/lib/avr5/libatmega328p.a
END GROUP
                0x0000000000000000                __TEXT_REGION_ORIGIN__ = DEFINED (__TEXT_REGION_ORIGIN__)?__TEXT_REGION_ORIGIN__:0x0
                [0x0000000000800100]                __DATA_REGION_ORIGIN__ = DEFINED (__DATA_REGION_ORIGIN__)?__DATA_REGION_ORIGIN__:0x800060
                [0x0000000000008000]                __TEXT_REGION_LENGTH__ = DEFINED (__TEXT_REGION_LENGTH__)?__TEXT_REGION_LENGTH__:0x20000
                [0x0000000000000800]                __DATA_REGION_LENGTH__ = DEFINED (__DATA_REGION_LENGTH__)?__DATA_REGION_LENGTH__:0xffa0
                [0x0000000000000400]                __EEPROM_REGION_LENGTH__ = DEFINED (__EEPROM_REGION_LENGTH__)?__EEPROM_REGION_LENGTH__:0x10000
                [0x0000000000000003]                __FUSE_REGION_LENGTH__ = DEFINED (__FUSE_REGION_LENGTH__)?__FUSE_REGION_LENGTH__:0x400
                0x0000000000000400                __LOCK_REGION_LENGTH__ = DEFINED (__LOCK_REGION_LENGTH__)?__LOCK_REGION_LENGTH__:0x400
                0x0000000000000400                __SIGNATURE_REGION_LENGTH__ = DEFINED (__SIGNATURE_REGION_LENGTH__)?__SIGNATURE_REGION_LENGTH__:0x400
                0x0000000000000400                __USER_SIGNATURE_REGION_LENGTH__ = DEFINED (__USER_SIGNATURE_REGION_LENGTH__)?__USER_SIGNATURE_REGION_LENGTH__:0x400

.hash
 *(.hash)

.dynsym
 *(.dynsym)

.dynstr
 *(.dynstr)

.gnu.version
 *(.gnu.version)

.gnu.version_d
 *(.gnu.version_d)

.gnu.version_r
 *(.gnu.version_r)

.rel.init
 *(.rel.init)

.rela.init
 *(.rela.init)

.rel.text
 *(.rel.text)
 *(.rel.text.*)
 *(.rel.gnu.linkonce.t*)

.rela.text
 *(.rela.text)
 *(.rela.text.*)
 *(.rela.gnu.linkonce.t*)

.rel.fini
 *(.rel.fini)

.rela.fini
 *(.rela.fini)

.rel.rodata
 *(.rel.rodata)
 *(.rel.rodata.*)
 *(.rel.gnu.linkonce.r*)

.rela.rodata
 *(.rela.rodata)
 *(.rela.rodata.*)
 *(.rela.gnu.linkonce.r*)

.rel.data
 *(.rel.data)
 *(.rel.data.*)
 *(.rel.gnu.linkonce.d*)

.rela.data
 *(.rela.data)
 *(.rela.data.*)
 *(.rela.gnu.linkonce.d*)

.rel.ctors
 *(.rel.ctors)

.rela.ctors
 *(.rela.ctors)

.rel.dtors
 *(.rel.dtors)

.rela.dtors
 *(.rela.dtors)

.rel.got
 *(.rel.got)

.rela.got
 *(.rela.got)

.rel.bss
 *(.rel.bss)

.rela.bss
 *(.rela.bss)

.rel.plt
 *(.rel.plt)

.rela.plt
 *(.rela.plt)

.text           0x0000000000000000      0x92a
 *(.vectors)
 .vectors       0x0000000000000000       0x68 /usr/lib/gcc/avr/5.4.0/../../../avr/lib/avr5/crtatmega328p.o
                0x0000000000000000                __vectors
                0x0000000000000000                __vector_default
 *(.vectors)
 *(.progmem.gcc*)
 .progmem.gcc_sw_table.dispayState
                0x0000000000000068       0x10 ./main.o
 .progmem.gcc_sw_table.curentState
                0x0000000000000078       0x10 ./main.o
                0x0000000000000088                . = ALIGN (0x2)
                0x0000000000000088                __trampolines_start = .
 *(.trampolines)
 .trampolines   0x0000000000000088        0x0 linker stubs
 *(.trampolines*)
                0x0000000000000088                __trampolines_end = .
 *libprintf_flt.a:*(.progmem.data)
 *libc.a:*(.progmem.data)
 *(.progmem*)
                0x0000000000000088                . = ALIGN (0x2)
 *(.jumptables)
 *(.jumptables*)
 *(.lowtext)
 *(.lowtext*)
                0x0000000000000088                __ctors_start = .
 *(.ctors)
                0x0000000000000088                __ctors_end = .
                0x0000000000000088                __dtors_start = .
 *(.dtors)
                0x0000000000000088                __dtors_end = .
 SORT(*)(.ctors)
 SORT(*)(.dtors)
 *(.init0)
 .init0         0x0000000000000088        0x0 /usr/lib/gcc/avr/5.4.0/../../../avr/lib/avr5/crtatmega328p.o
                0x0000000000000088                __init
 *(.init0)
 *(.init1)
 *(.init1)
 *(.init2)
 .init2         0x0000000000000088        0xc /usr/lib/gcc/avr/5.4.0/../../../avr/lib/avr5/crtatmega328p.o
 *(.init2)
 *(.init3)
 *(.init3)
 *(.init4)
 .init4         0x0000000000000094       0x16 /usr/lib/gcc/avr/5.4.0/avr5/libgcc.a(_copy_data.o)
                0x0000000000000094                __do_copy_data
 .init4         0x00000000000000aa       0x10 /usr/lib/gcc/avr/5.4.0/avr5/libgcc.a(_clear_bss.o)
                0x00000000000000aa                __do_clear_bss
 *(.init4)
 *(.init5)
 *(.init5)
 *(.init6)
 *(.init6)
 *(.init7)
 *(.init7)
 *(.init8)
 *(.init8)
 *(.init9)
 .init9         0x00000000000000ba        0x8 /usr/lib/gcc/avr/5.4.0/../../../avr/lib/avr5/crtatmega328p.o
 *(.init9)
 *(.text)
 .text          0x00000000000000c2        0x4 /usr/lib/gcc/avr/5.4.0/../../../avr/lib/avr5/crtatmega328p.o
                0x00000000000000c2                __vector_22
                0x00000000000000c2                __vector_1
                0x00000000000000c2                __vector_24
                0x00000000000000c2                __vector_12
                0x00000000000000c2                __bad_interrupt
                0x00000000000000c2                __vector_6
                0x00000000000000c2                __vector_3
                0x00000000000000c2                __vector_23
                0x00000000000000c2                __vector_25
                0x00000000000000c2                __vector_11
                0x00000000000000c2                __vector_13
                0x00000000000000c2                __vector_17
                0x00000000000000c2                __vector_19
                0x00000000000000c2                __vector_7
                0x00000000000000c2                __vector_5
                0x00000000000000c2                __vector_4
                0x00000000000000c2                __vector_9
                0x00000000000000c2                __vector_2
                0x00000000000000c2                __vector_21
                0x00000000000000c2                __vector_15
                0x00000000000000c2                __vector_8
                0x00000000000000c2                __vector_10
                0x00000000000000c2                __vector_16
                0x00000000000000c2                __vector_20
 .text          0x00000000000000c6        0x0 ./usart/usart.o
 .text          0x00000000000000c6        0x0 ./timer0/timer0.o
 .text          0x00000000000000c6        0x0 ./pin/pin.o
 .text          0x00000000000000c6        0x0 ./keypad/keypad.o
 .text          0x00000000000000c6        0x0 ./main.o
 .text          0x00000000000000c6        0x0 /usr/lib/gcc/avr/5.4.0/avr5/libgcc.a(_udivmodsi4.o)
 .text          0x00000000000000c6        0x0 /usr/lib/gcc/avr/5.4.0/avr5/libgcc.a(_exit.o)
 .text          0x00000000000000c6        0x0 /usr/lib/gcc/avr/5.4.0/avr5/libgcc.a(_tablejump2.o)
 .text          0x00000000000000c6        0x0 /usr/lib/gcc/avr/5.4.0/avr5/libgcc.a(_copy_data.o)
 .text          0x00000000000000c6        0x0 /usr/lib/gcc/avr/5.4.0/avr5/libgcc.a(_clear_bss.o)
                0x00000000000000c6                . = ALIGN (0x2)
 *(.text.*)
 .text.__vector_18
                0x00000000000000c6       0x54 ./usart/usart.o
                0x00000000000000c6                __vector_18
 .text.usartInit
                0x000000000000011a       0x40 ./usart/usart.o
                0x000000000000011a                usartInit
 .text.usartAvailable
                0x000000000000015a        0x6 ./usart/usart.o
                0x000000000000015a                usartAvailable
 .text.usartPutChar
                0x0000000000000160        0xe ./usart/usart.o
                0x0000000000000160                usartPutChar
 .text.usartPutString
                0x000000000000016e       0x18 ./usart/usart.o
                0x000000000000016e                usartPutString
 .text.usartPutString_P
                0x0000000000000186       0x1e ./usart/usart.o
                0x0000000000000186                usartPutString_P
 .text.usartGetChar
                0x00000000000001a4       0x36 ./usart/usart.o
                0x00000000000001a4                usartGetChar
 .text.usartGetString
                0x00000000000001da       0x44 ./usart/usart.o
                0x00000000000001da                usartGetString
 .text.timer0DelayMs
                0x000000000000021e       0x5c ./timer0/timer0.o
                0x000000000000021e                timer0DelayMs
 .text.timer0InteruptInit
                0x000000000000027a       0x14 ./timer0/timer0.o
                0x000000000000027a                timer0InteruptInit
 .text.__vector_14
                0x000000000000028e       0x4a ./timer0/timer0.o
                0x000000000000028e                __vector_14
 .text.pinSetValue
                0x00000000000002d8       0x66 ./pin/pin.o
                0x00000000000002d8                pinSetValue
 .text.pinInit  0x000000000000033e       0x66 ./pin/pin.o
                0x000000000000033e                pinInit
 .text.keypadInit
                0x00000000000003a4       0xae ./keypad/keypad.o
                0x00000000000003a4                keypadInit
 .text.keypadScan
                0x0000000000000452      0x1dc ./keypad/keypad.o
                0x0000000000000452                keypadScan
 .text.isNumber
                0x000000000000062e       0x10 ./main.o
                0x000000000000062e                isNumber
 .text.dispayState
                0x000000000000063e       0x7e ./main.o
                0x000000000000063e                dispayState
 .text.curentState
                0x00000000000006bc      0x126 ./main.o
                0x00000000000006bc                curentState
 .text.ledState
                0x00000000000007e2       0x98 ./main.o
                0x00000000000007e2                ledState
 .text.startup.main
                0x000000000000087a       0x5c ./main.o
                0x000000000000087a                main
 .text.libgcc.mul
                0x00000000000008d6        0x0 /usr/lib/gcc/avr/5.4.0/avr5/libgcc.a(_udivmodsi4.o)
 .text.libgcc.div
                0x00000000000008d6       0x44 /usr/lib/gcc/avr/5.4.0/avr5/libgcc.a(_udivmodsi4.o)
                0x00000000000008d6                __udivmodsi4
 .text.libgcc   0x000000000000091a        0x0 /usr/lib/gcc/avr/5.4.0/avr5/libgcc.a(_udivmodsi4.o)
 .text.libgcc.prologue
                0x000000000000091a        0x0 /usr/lib/gcc/avr/5.4.0/avr5/libgcc.a(_udivmodsi4.o)
 .text.libgcc.builtins
                0x000000000000091a        0x0 /usr/lib/gcc/avr/5.4.0/avr5/libgcc.a(_udivmodsi4.o)
 .text.libgcc.fmul
                0x000000000000091a        0x0 /usr/lib/gcc/avr/5.4.0/avr5/libgcc.a(_udivmodsi4.o)
 .text.libgcc.fixed
                0x000000000000091a        0x0 /usr/lib/gcc/avr/5.4.0/avr5/libgcc.a(_udivmodsi4.o)
 .text.libgcc.mul
                0x000000000000091a        0x0 /usr/lib/gcc/avr/5.4.0/avr5/libgcc.a(_exit.o)
 .text.libgcc.div
                0x000000000000091a        0x0 /usr/lib/gcc/avr/5.4.0/avr5/libgcc.a(_exit.o)
 .text.libgcc   0x000000000000091a        0x0 /usr/lib/gcc/avr/5.4.0/avr5/libgcc.a(_exit.o)
 .text.libgcc.prologue
                0x000000000000091a        0x0 /usr/lib/gcc/avr/5.4.0/avr5/libgcc.a(_exit.o)
 .text.libgcc.builtins
                0x000000000000091a        0x0 /usr/lib/gcc/avr/5.4.0/avr5/libgcc.a(_exit.o)
 .text.libgcc.fmul
                0x000000000000091a        0x0 /usr/lib/gcc/avr/5.4.0/avr5/libgcc.a(_exit.o)
 .text.libgcc.fixed
                0x000000000000091a        0x0 /usr/lib/gcc/avr/5.4.0/avr5/libgcc.a(_exit.o)
 .text.libgcc.mul
                0x000000000000091a        0x0 /usr/lib/gcc/avr/5.4.0/avr5/libgcc.a(_tablejump2.o)
 .text.libgcc.div
                0x000000000000091a        0x0 /usr/lib/gcc/avr/5.4.0/avr5/libgcc.a(_tablejump2.o)
 .text.libgcc   0x000000000000091a        0xc /usr/lib/gcc/avr/5.4.0/avr5/libgcc.a(_tablejump2.o)
                0x000000000000091a                __tablejump2__
 .text.libgcc.prologue
                0x0000000000000926        0x0 /usr/lib/gcc/avr/5.4.0/avr5/libgcc.a(_tablejump2.o)
 .text.libgcc.builtins
                0x0000000000000926        0x0 /usr/lib/gcc/avr/5.4.0/avr5/libgcc.a(_tablejump2.o)
 .text.libgcc.fmul
                0x0000000000000926        0x0 /usr/lib/gcc/avr/5.4.0/avr5/libgcc.a(_tablejump2.o)
 .text.libgcc.fixed
                0x0000000000000926        0x0 /usr/lib/gcc/avr/5.4.0/avr5/libgcc.a(_tablejump2.o)
 .text.libgcc.mul
                0x0000000000000926        0x0 /usr/lib/gcc/avr/5.4.0/avr5/libgcc.a(_copy_data.o)
 .text.libgcc.div
                0x0000000000000926        0x0 /usr/lib/gcc/avr/5.4.0/avr5/libgcc.a(_copy_data.o)
 .text.libgcc   0x0000000000000926        0x0 /usr/lib/gcc/avr/5.4.0/avr5/libgcc.a(_copy_data.o)
 .text.libgcc.prologue
                0x0000000000000926        0x0 /usr/lib/gcc/avr/5.4.0/avr5/libgcc.a(_copy_data.o)
 .text.libgcc.builtins
                0x0000000000000926        0x0 /usr/lib/gcc/avr/5.4.0/avr5/libgcc.a(_copy_data.o)
 .text.libgcc.fmul
                0x0000000000000926        0x0 /usr/lib/gcc/avr/5.4.0/avr5/libgcc.a(_copy_data.o)
 .text.libgcc.fixed
                0x0000000000000926        0x0 /usr/lib/gcc/avr/5.4.0/avr5/libgcc.a(_copy_data.o)
 .text.libgcc.mul
                0x0000000000000926        0x0 /usr/lib/gcc/avr/5.4.0/avr5/libgcc.a(_clear_bss.o)
 .text.libgcc.div
                0x0000000000000926        0x0 /usr/lib/gcc/avr/5.4.0/avr5/libgcc.a(_clear_bss.o)
 .text.libgcc   0x0000000000000926        0x0 /usr/lib/gcc/avr/5.4.0/avr5/libgcc.a(_clear_bss.o)
 .text.libgcc.prologue
                0x0000000000000926        0x0 /usr/lib/gcc/avr/5.4.0/avr5/libgcc.a(_clear_bss.o)
 .text.libgcc.builtins
                0x0000000000000926        0x0 /usr/lib/gcc/avr/5.4.0/avr5/libgcc.a(_clear_bss.o)
 .text.libgcc.fmul
                0x0000000000000926        0x0 /usr/lib/gcc/avr/5.4.0/avr5/libgcc.a(_clear_bss.o)
 .text.libgcc.fixed
                0x0000000000000926        0x0 /usr/lib/gcc/avr/5.4.0/avr5/libgcc.a(_clear_bss.o)
                0x0000000000000926                . = ALIGN (0x2)
 *(.fini9)
 .fini9         0x0000000000000926        0x0 /usr/lib/gcc/avr/5.4.0/avr5/libgcc.a(_exit.o)
                0x0000000000000926                exit
                0x0000000000000926                _exit
 *(.fini9)
 *(.fini8)
 *(.fini8)
 *(.fini7)
 *(.fini7)
 *(.fini6)
 *(.fini6)
 *(.fini5)
 *(.fini5)
 *(.fini4)
 *(.fini4)
 *(.fini3)
 *(.fini3)
 *(.fini2)
 *(.fini2)
 *(.fini1)
 *(.fini1)
 *(.fini0)
 .fini0         0x0000000000000926        0x4 /usr/lib/gcc/avr/5.4.0/avr5/libgcc.a(_exit.o)
 *(.fini0)
                0x000000000000092a                _etext = .

.data           0x0000000000800100       0x66 load address 0x000000000000092a
                0x0000000000800100                PROVIDE (__data_start, .)
 *(.data)
 .data          0x0000000000800100        0x0 /usr/lib/gcc/avr/5.4.0/../../../avr/lib/avr5/crtatmega328p.o
 .data          0x0000000000800100        0x0 ./usart/usart.o
 .data          0x0000000000800100        0x0 ./timer0/timer0.o
 .data          0x0000000000800100        0x0 ./pin/pin.o
 .data          0x0000000000800100        0x0 ./keypad/keypad.o
 .data          0x0000000000800100        0x0 ./main.o
 .data          0x0000000000800100        0x0 /usr/lib/gcc/avr/5.4.0/avr5/libgcc.a(_udivmodsi4.o)
 .data          0x0000000000800100        0x0 /usr/lib/gcc/avr/5.4.0/avr5/libgcc.a(_exit.o)
 .data          0x0000000000800100        0x0 /usr/lib/gcc/avr/5.4.0/avr5/libgcc.a(_tablejump2.o)
 .data          0x0000000000800100        0x0 /usr/lib/gcc/avr/5.4.0/avr5/libgcc.a(_copy_data.o)
 .data          0x0000000000800100        0x0 /usr/lib/gcc/avr/5.4.0/avr5/libgcc.a(_clear_bss.o)
 *(.data*)
 .data.cols     0x0000000000800100        0x4 ./main.o
                0x0000000000800100                cols
 .data.rows     0x0000000000800104        0x4 ./main.o
                0x0000000000800104                rows
 *(.gnu.linkonce.d*)
 *(.rodata)
 *(.rodata*)
 .rodata.str1.1
                0x0000000000800108       0x5d ./main.o
 *(.gnu.linkonce.r*)
                0x0000000000800166                . = ALIGN (0x2)
 *fill*         0x0000000000800165        0x1 
                0x0000000000800166                _edata = .
                0x0000000000800166                PROVIDE (__data_end, .)

.bss            0x0000000000800166       0x59
                0x0000000000800166                PROVIDE (__bss_start, .)
 *(.bss)
 .bss           0x0000000000800166        0x0 /usr/lib/gcc/avr/5.4.0/../../../avr/lib/avr5/crtatmega328p.o
 .bss           0x0000000000800166        0x0 ./usart/usart.o
 .bss           0x0000000000800166        0x0 ./timer0/timer0.o
 .bss           0x0000000000800166        0x0 ./pin/pin.o
 .bss           0x0000000000800166        0x0 ./keypad/keypad.o
 .bss           0x0000000000800166        0x0 ./main.o
 .bss           0x0000000000800166        0x0 /usr/lib/gcc/avr/5.4.0/avr5/libgcc.a(_udivmodsi4.o)
 .bss           0x0000000000800166        0x0 /usr/lib/gcc/avr/5.4.0/avr5/libgcc.a(_exit.o)
 .bss           0x0000000000800166        0x0 /usr/lib/gcc/avr/5.4.0/avr5/libgcc.a(_tablejump2.o)
 .bss           0x0000000000800166        0x0 /usr/lib/gcc/avr/5.4.0/avr5/libgcc.a(_copy_data.o)
 .bss           0x0000000000800166        0x0 /usr/lib/gcc/avr/5.4.0/avr5/libgcc.a(_clear_bss.o)
 *(.bss*)
 .bss.Rx_Buffer_Last
                0x0000000000800166        0x1 ./usart/usart.o
                0x0000000000800166                Rx_Buffer_Last
 .bss.Rx_Buffer_First
                0x0000000000800167        0x1 ./usart/usart.o
                0x0000000000800167                Rx_Buffer_First
 .bss.Rx_Buffer_Size
                0x0000000000800168        0x1 ./usart/usart.o
                0x0000000000800168                Rx_Buffer_Size
 .bss.ms        0x0000000000800169        0x4 ./timer0/timer0.o
                0x0000000000800169                ms
 .bss.const_blink
                0x000000000080016d        0x1 ./main.o
                0x000000000080016d                const_blink
 .bss.blink_counter
                0x000000000080016e        0x1 ./main.o
                0x000000000080016e                blink_counter
 .bss.led       0x000000000080016f        0x1 ./main.o
                0x000000000080016f                led
 .bss.next_state
                0x0000000000800170        0x1 ./main.o
                0x0000000000800170                next_state
 .bss.state     0x0000000000800171        0x1 ./main.o
                0x0000000000800171                state
 *(COMMON)
 COMMON         0x0000000000800172       0x40 ./usart/usart.o
                0x0000000000800172                Rx_Buffer
 COMMON         0x00000000008001b2        0x8 ./keypad/keypad.o
                0x00000000008001b2                _cols
                0x00000000008001b6                _rows
 COMMON         0x00000000008001ba        0x5 ./main.o
                0x00000000008001ba                password
                0x00000000008001bd                button
                0x00000000008001be                button_en
                0x00000000008001bf                PROVIDE (__bss_end, .)
                0x000000000000092a                __data_load_start = LOADADDR (.data)
                0x0000000000000990                __data_load_end = (__data_load_start + SIZEOF (.data))

.noinit         0x00000000008001bf        0x0
                [!provide]                        PROVIDE (__noinit_start, .)
 *(.noinit*)
                [!provide]                        PROVIDE (__noinit_end, .)
                0x00000000008001bf                _end = .
                [!provide]                        PROVIDE (__heap_start, .)

.eeprom         0x0000000000810000        0x0
 *(.eeprom*)
                0x0000000000810000                __eeprom_end = .

.fuse
 *(.fuse)
 *(.lfuse)
 *(.hfuse)
 *(.efuse)

.lock
 *(.lock*)

.signature
 *(.signature*)

.user_signatures
 *(.user_signatures*)

.stab
 *(.stab)

.stabstr
 *(.stabstr)

.stab.excl
 *(.stab.excl)

.stab.exclstr
 *(.stab.exclstr)

.stab.index
 *(.stab.index)

.stab.indexstr
 *(.stab.indexstr)

.comment        0x0000000000000000       0x11
 *(.comment)
 .comment       0x0000000000000000       0x11 ./usart/usart.o
                                         0x12 (size before relaxing)
 .comment       0x0000000000000011       0x12 ./timer0/timer0.o
 .comment       0x0000000000000011       0x12 ./pin/pin.o
 .comment       0x0000000000000011       0x12 ./keypad/keypad.o
 .comment       0x0000000000000011       0x12 ./main.o

.note.gnu.avr.deviceinfo
                0x0000000000000000       0x40
 .note.gnu.avr.deviceinfo
                0x0000000000000000       0x40 /usr/lib/gcc/avr/5.4.0/../../../avr/lib/avr5/crtatmega328p.o

.note.gnu.build-id
 *(.note.gnu.build-id)

.debug
 *(.debug)

.line
 *(.line)

.debug_srcinfo
 *(.debug_srcinfo)

.debug_sfnames
 *(.debug_sfnames)

.debug_aranges
 *(.debug_aranges)

.debug_pubnames
 *(.debug_pubnames)

.debug_info     0x0000000000000000      0x5f4
 *(.debug_info .gnu.linkonce.wi.*)
 .debug_info    0x0000000000000000      0x5f4 /usr/lib/gcc/avr/5.4.0/../../../avr/lib/avr5/crtatmega328p.o

.debug_abbrev   0x0000000000000000      0x5a2
 *(.debug_abbrev)
 .debug_abbrev  0x0000000000000000      0x5a2 /usr/lib/gcc/avr/5.4.0/../../../avr/lib/avr5/crtatmega328p.o

.debug_line     0x0000000000000000       0x1a
 *(.debug_line .debug_line.* .debug_line_end)
 .debug_line    0x0000000000000000       0x1a /usr/lib/gcc/avr/5.4.0/../../../avr/lib/avr5/crtatmega328p.o

.debug_frame
 *(.debug_frame)

.debug_str      0x0000000000000000      0x208
 *(.debug_str)
 .debug_str     0x0000000000000000      0x208 /usr/lib/gcc/avr/5.4.0/../../../avr/lib/avr5/crtatmega328p.o

.debug_loc
 *(.debug_loc)

.debug_macinfo
 *(.debug_macinfo)

.debug_weaknames
 *(.debug_weaknames)

.debug_funcnames
 *(.debug_funcnames)

.debug_typenames
 *(.debug_typenames)

.debug_varnames
 *(.debug_varnames)

.debug_pubtypes
 *(.debug_pubtypes)

.debug_ranges
 *(.debug_ranges)

.debug_macro
 *(.debug_macro)
OUTPUT(Sef.elf elf32-avr)
LOAD linker stubs
